// Jest Snapshot v1, https://jestjs.io/docs/snapshot-testing

exports[`webpackConfigs should return a common configuration object: common dev and prod hashes, code snapshots 1`] = `
[
  {
    "devSnapshot": "[
  {
    "context": "./__fixtures__",
    "entry": {
      "app": [
        "./__fixtures__/src/index.js"
      ]
    },
    "output": {
      "filename": "[name].bundle.js",
      "path": "./__fixtures__/dist",
      "clean": true
    },
    "module": {
      "rules": [
        {
          "test": {},
          "type": "asset/resource",
          "generator": {
            "filename": "fonts/[hash][ext][query]"
          }
        },
        {
          "test": {},
          "type": "asset",
          "parser": {
            "dataUrlCondition": {
              "maxSize": 5000
            }
          },
          "generator": {
            "filename": "images/[hash][ext][query]"
          }
        },
        {
          "test": {},
          "type": "asset",
          "parser": {
            "dataUrlCondition": {
              "maxSize": 5000
            }
          },
          "generator": {
            "filename": "images/[hash][ext][query]"
          }
        },
        {
          "test": {},
          "use": [
            "./node_modules/mini-css-extract-plugin/dist/loader.js",
            "css-loader"
          ]
        }
      ]
    },
    "plugins": [
      {
        "config": {
          "path": "./__fixtures__/.env.local",
          "prefix": "process.env.",
          "systemvars": true,
          "silent": true
        }
      },
      {
        "config": {
          "path": "./__fixtures__/.env",
          "prefix": "process.env.",
          "systemvars": true,
          "silent": true
        }
      },
      {
        "userOptions": {},
        "version": 5,
        "options": {
          "template": "auto",
          "templateContent": false,
          "filename": "index.html",
          "publicPath": "auto",
          "hash": false,
          "inject": "head",
          "scriptLoading": "defer",
          "compile": true,
          "favicon": false,
          "minify": "auto",
          "cache": true,
          "showErrors": true,
          "chunks": "all",
          "excludeChunks": [],
          "chunksSortMode": "auto",
          "meta": {},
          "base": false,
          "title": "Webpack App",
          "xhtml": false
        }
      }
    ],
    "resolve": {
      "symlinks": false,
      "cacheWithContext": false
    }
  }
]",
    "loader": "js",
    "prodSnapshot": "[
  {
    "context": "./__fixtures__",
    "entry": {
      "app": [
        "./__fixtures__/src/index.js"
      ]
    },
    "output": {
      "filename": "[name].bundle.js",
      "path": "./__fixtures__/dist",
      "clean": true
    },
    "module": {
      "rules": [
        {
          "test": {},
          "type": "asset/resource",
          "generator": {
            "filename": "fonts/[hash][ext][query]"
          }
        },
        {
          "test": {},
          "type": "asset",
          "parser": {
            "dataUrlCondition": {
              "maxSize": 5000
            }
          },
          "generator": {
            "filename": "images/[hash][ext][query]"
          }
        },
        {
          "test": {},
          "type": "asset",
          "parser": {
            "dataUrlCondition": {
              "maxSize": 5000
            }
          },
          "generator": {
            "filename": "images/[hash][ext][query]"
          }
        },
        {
          "test": {},
          "use": [
            "./node_modules/mini-css-extract-plugin/dist/loader.js",
            "css-loader"
          ]
        }
      ]
    },
    "plugins": [
      {
        "config": {
          "path": "./__fixtures__/.env.local",
          "prefix": "process.env.",
          "systemvars": true,
          "silent": true
        }
      },
      {
        "config": {
          "path": "./__fixtures__/.env",
          "prefix": "process.env.",
          "systemvars": true,
          "silent": true
        }
      },
      {
        "userOptions": {},
        "version": 5,
        "options": {
          "template": "auto",
          "templateContent": false,
          "filename": "index.html",
          "publicPath": "auto",
          "hash": false,
          "inject": "head",
          "scriptLoading": "defer",
          "compile": true,
          "favicon": false,
          "minify": "auto",
          "cache": true,
          "showErrors": true,
          "chunks": "all",
          "excludeChunks": [],
          "chunksSortMode": "auto",
          "meta": {},
          "base": false,
          "title": "Webpack App",
          "xhtml": false
        }
      }
    ],
    "resolve": {
      "symlinks": false,
      "cacheWithContext": false
    }
  }
]",
  },
  {
    "devSnapshot": "[
  {
    "context": "./__fixtures__",
    "entry": {
      "app": [
        "./__fixtures__/src/index.js"
      ]
    },
    "output": {
      "filename": "[name].bundle.js",
      "path": "./__fixtures__/dist",
      "clean": true
    },
    "module": {
      "rules": [
        {
          "test": {},
          "type": "asset/resource",
          "generator": {
            "filename": "fonts/[hash][ext][query]"
          }
        },
        {
          "test": {},
          "type": "asset",
          "parser": {
            "dataUrlCondition": {
              "maxSize": 5000
            }
          },
          "generator": {
            "filename": "images/[hash][ext][query]"
          }
        },
        {
          "test": {},
          "type": "asset",
          "parser": {
            "dataUrlCondition": {
              "maxSize": 5000
            }
          },
          "generator": {
            "filename": "images/[hash][ext][query]"
          }
        },
        {
          "test": {},
          "use": [
            "./node_modules/mini-css-extract-plugin/dist/loader.js",
            "css-loader"
          ]
        }
      ]
    },
    "plugins": [
      {
        "config": {
          "path": "./__fixtures__/.env.local",
          "prefix": "process.env.",
          "systemvars": true,
          "silent": true
        }
      },
      {
        "config": {
          "path": "./__fixtures__/.env",
          "prefix": "process.env.",
          "systemvars": true,
          "silent": true
        }
      },
      {
        "userOptions": {},
        "version": 5,
        "options": {
          "template": "auto",
          "templateContent": false,
          "filename": "index.html",
          "publicPath": "auto",
          "hash": false,
          "inject": "head",
          "scriptLoading": "defer",
          "compile": true,
          "favicon": false,
          "minify": "auto",
          "cache": true,
          "showErrors": true,
          "chunks": "all",
          "excludeChunks": [],
          "chunksSortMode": "auto",
          "meta": {},
          "base": false,
          "title": "Webpack App",
          "xhtml": false
        }
      }
    ],
    "resolve": {
      "symlinks": false,
      "cacheWithContext": false
    }
  }
]",
    "loader": "ts",
    "prodSnapshot": "[
  {
    "context": "./__fixtures__",
    "entry": {
      "app": [
        "./__fixtures__/src/index.js"
      ]
    },
    "output": {
      "filename": "[name].bundle.js",
      "path": "./__fixtures__/dist",
      "clean": true
    },
    "module": {
      "rules": [
        {
          "test": {},
          "type": "asset/resource",
          "generator": {
            "filename": "fonts/[hash][ext][query]"
          }
        },
        {
          "test": {},
          "type": "asset",
          "parser": {
            "dataUrlCondition": {
              "maxSize": 5000
            }
          },
          "generator": {
            "filename": "images/[hash][ext][query]"
          }
        },
        {
          "test": {},
          "type": "asset",
          "parser": {
            "dataUrlCondition": {
              "maxSize": 5000
            }
          },
          "generator": {
            "filename": "images/[hash][ext][query]"
          }
        },
        {
          "test": {},
          "use": [
            "./node_modules/mini-css-extract-plugin/dist/loader.js",
            "css-loader"
          ]
        }
      ]
    },
    "plugins": [
      {
        "config": {
          "path": "./__fixtures__/.env.local",
          "prefix": "process.env.",
          "systemvars": true,
          "silent": true
        }
      },
      {
        "config": {
          "path": "./__fixtures__/.env",
          "prefix": "process.env.",
          "systemvars": true,
          "silent": true
        }
      },
      {
        "userOptions": {},
        "version": 5,
        "options": {
          "template": "auto",
          "templateContent": false,
          "filename": "index.html",
          "publicPath": "auto",
          "hash": false,
          "inject": "head",
          "scriptLoading": "defer",
          "compile": true,
          "favicon": false,
          "minify": "auto",
          "cache": true,
          "showErrors": true,
          "chunks": "all",
          "excludeChunks": [],
          "chunksSortMode": "auto",
          "meta": {},
          "base": false,
          "title": "Webpack App",
          "xhtml": false
        }
      }
    ],
    "resolve": {
      "symlinks": false,
      "cacheWithContext": false
    }
  }
]",
  },
  {
    "devSnapshot": "[
  {
    "context": "./__fixtures__",
    "entry": {
      "app": [
        "./__fixtures__/src/index.js"
      ]
    },
    "output": {
      "filename": "[name].bundle.js",
      "path": "./__fixtures__/dist",
      "clean": true
    },
    "module": {
      "rules": [
        {
          "test": {},
          "type": "asset/resource",
          "generator": {
            "filename": "fonts/[hash][ext][query]"
          }
        },
        {
          "test": {},
          "type": "asset",
          "parser": {
            "dataUrlCondition": {
              "maxSize": 5000
            }
          },
          "generator": {
            "filename": "images/[hash][ext][query]"
          }
        },
        {
          "test": {},
          "type": "asset",
          "parser": {
            "dataUrlCondition": {
              "maxSize": 5000
            }
          },
          "generator": {
            "filename": "images/[hash][ext][query]"
          }
        },
        {
          "test": {},
          "use": [
            "./node_modules/mini-css-extract-plugin/dist/loader.js",
            "css-loader"
          ]
        }
      ]
    },
    "plugins": [
      {
        "config": {
          "path": "./__fixtures__/.env.local",
          "prefix": "process.env.",
          "systemvars": true,
          "silent": true
        }
      },
      {
        "config": {
          "path": "./__fixtures__/.env",
          "prefix": "process.env.",
          "systemvars": true,
          "silent": true
        }
      },
      {
        "userOptions": {},
        "version": 5,
        "options": {
          "template": "auto",
          "templateContent": false,
          "filename": "index.html",
          "publicPath": "auto",
          "hash": false,
          "inject": "head",
          "scriptLoading": "defer",
          "compile": true,
          "favicon": false,
          "minify": "auto",
          "cache": true,
          "showErrors": true,
          "chunks": "all",
          "excludeChunks": [],
          "chunksSortMode": "auto",
          "meta": {},
          "base": false,
          "title": "Webpack App",
          "xhtml": false
        }
      }
    ],
    "resolve": {
      "symlinks": false,
      "cacheWithContext": false
    }
  }
]",
    "loader": "none",
    "prodSnapshot": "[
  {
    "context": "./__fixtures__",
    "entry": {
      "app": [
        "./__fixtures__/src/index.js"
      ]
    },
    "output": {
      "filename": "[name].bundle.js",
      "path": "./__fixtures__/dist",
      "clean": true
    },
    "module": {
      "rules": [
        {
          "test": {},
          "type": "asset/resource",
          "generator": {
            "filename": "fonts/[hash][ext][query]"
          }
        },
        {
          "test": {},
          "type": "asset",
          "parser": {
            "dataUrlCondition": {
              "maxSize": 5000
            }
          },
          "generator": {
            "filename": "images/[hash][ext][query]"
          }
        },
        {
          "test": {},
          "type": "asset",
          "parser": {
            "dataUrlCondition": {
              "maxSize": 5000
            }
          },
          "generator": {
            "filename": "images/[hash][ext][query]"
          }
        },
        {
          "test": {},
          "use": [
            "./node_modules/mini-css-extract-plugin/dist/loader.js",
            "css-loader"
          ]
        }
      ]
    },
    "plugins": [
      {
        "config": {
          "path": "./__fixtures__/.env.local",
          "prefix": "process.env.",
          "systemvars": true,
          "silent": true
        }
      },
      {
        "config": {
          "path": "./__fixtures__/.env",
          "prefix": "process.env.",
          "systemvars": true,
          "silent": true
        }
      },
      {
        "userOptions": {},
        "version": 5,
        "options": {
          "template": "auto",
          "templateContent": false,
          "filename": "index.html",
          "publicPath": "auto",
          "hash": false,
          "inject": "head",
          "scriptLoading": "defer",
          "compile": true,
          "favicon": false,
          "minify": "auto",
          "cache": true,
          "showErrors": true,
          "chunks": "all",
          "excludeChunks": [],
          "chunksSortMode": "auto",
          "meta": {},
          "base": false,
          "title": "Webpack App",
          "xhtml": false
        }
      }
    ],
    "resolve": {
      "symlinks": false,
      "cacheWithContext": false
    }
  }
]",
  },
]
`;

exports[`webpackConfigs should return a development configuration object: development dev hashes, code snapshots 1`] = `
[
  {
    "devSnapshot": "[
  {
    "mode": "development",
    "devtool": "eval-source-map",
    "devServer": {
      "host": "localhost",
      "port": 3000,
      "compress": true,
      "historyApiFallback": true,
      "hot": true,
      "devMiddleware": {
        "stats": "errors-warnings",
        "writeToDisk": false
      },
      "client": {
        "overlay": false,
        "progress": true
      },
      "static": {
        "directory": "./__fixtures__/dist"
      },
      "watchFiles": {
        "paths": [
          "src/**/*"
        ]
      }
    },
    "plugins": [
      {
        "config": {
          "path": "./__fixtures__/.env.development.local",
          "prefix": "process.env.",
          "systemvars": true,
          "silent": true
        }
      },
      {
        "config": {
          "path": "./__fixtures__/.env.development",
          "prefix": "process.env.",
          "systemvars": true,
          "silent": true
        }
      },
      {
        "config": {
          "path": "./__fixtures__/.env.local",
          "prefix": "process.env.",
          "systemvars": true,
          "silent": true
        }
      },
      {
        "config": {
          "path": "./__fixtures__/.env",
          "prefix": "process.env.",
          "systemvars": true,
          "silent": true
        }
      },
      {
        "_sortedModulesCache": {},
        "options": {
          "filename": "[name].bundle.css",
          "ignoreOrder": false,
          "runtime": true,
          "chunkFilename": "[name].bundle.css"
        },
        "runtimeOptions": {
          "linkType": "text/css"
        }
      }
    ]
  }
]",
    "loader": "js",
    "prodSnapshot": undefined,
  },
  {
    "devSnapshot": "[
  {
    "mode": "development",
    "devtool": "eval-source-map",
    "devServer": {
      "host": "localhost",
      "port": 3000,
      "compress": true,
      "historyApiFallback": true,
      "hot": true,
      "devMiddleware": {
        "stats": "errors-warnings",
        "writeToDisk": false
      },
      "client": {
        "overlay": false,
        "progress": true
      },
      "static": {
        "directory": "./__fixtures__/dist"
      },
      "watchFiles": {
        "paths": [
          "src/**/*"
        ]
      }
    },
    "plugins": [
      {
        "config": {
          "path": "./__fixtures__/.env.development.local",
          "prefix": "process.env.",
          "systemvars": true,
          "silent": true
        }
      },
      {
        "config": {
          "path": "./__fixtures__/.env.development",
          "prefix": "process.env.",
          "systemvars": true,
          "silent": true
        }
      },
      {
        "config": {
          "path": "./__fixtures__/.env.local",
          "prefix": "process.env.",
          "systemvars": true,
          "silent": true
        }
      },
      {
        "config": {
          "path": "./__fixtures__/.env",
          "prefix": "process.env.",
          "systemvars": true,
          "silent": true
        }
      },
      {
        "_sortedModulesCache": {},
        "options": {
          "filename": "[name].bundle.css",
          "ignoreOrder": false,
          "runtime": true,
          "chunkFilename": "[name].bundle.css"
        },
        "runtimeOptions": {
          "linkType": "text/css"
        }
      }
    ]
  }
]",
    "loader": "ts",
    "prodSnapshot": undefined,
  },
  {
    "devSnapshot": "[
  {
    "mode": "development",
    "devtool": "eval-source-map",
    "devServer": {
      "host": "localhost",
      "port": 3000,
      "compress": true,
      "historyApiFallback": true,
      "hot": true,
      "devMiddleware": {
        "stats": "errors-warnings",
        "writeToDisk": false
      },
      "client": {
        "overlay": false,
        "progress": true
      },
      "static": {
        "directory": "./__fixtures__/dist"
      },
      "watchFiles": {
        "paths": [
          "src/**/*"
        ]
      }
    },
    "plugins": [
      {
        "config": {
          "path": "./__fixtures__/.env.development.local",
          "prefix": "process.env.",
          "systemvars": true,
          "silent": true
        }
      },
      {
        "config": {
          "path": "./__fixtures__/.env.development",
          "prefix": "process.env.",
          "systemvars": true,
          "silent": true
        }
      },
      {
        "config": {
          "path": "./__fixtures__/.env.local",
          "prefix": "process.env.",
          "systemvars": true,
          "silent": true
        }
      },
      {
        "config": {
          "path": "./__fixtures__/.env",
          "prefix": "process.env.",
          "systemvars": true,
          "silent": true
        }
      },
      {
        "_sortedModulesCache": {},
        "options": {
          "filename": "[name].bundle.css",
          "ignoreOrder": false,
          "runtime": true,
          "chunkFilename": "[name].bundle.css"
        },
        "runtimeOptions": {
          "linkType": "text/css"
        }
      }
    ]
  }
]",
    "loader": "none",
    "prodSnapshot": undefined,
  },
]
`;

exports[`webpackConfigs should return a preprocessLoader configuration object: language dev and prod hashes, code snapshots 1`] = `
[
  {
    "devSnapshot": "[
  {
    "module": {
      "rules": [
        {
          "test": {},
          "include": [
            "./__fixtures__/src"
          ],
          "resolve": {
            "extensions": [
              ".js",
              ".jsx",
              ".mjs",
              ".cjs"
            ]
          },
          "use": [
            {
              "loader": "babel-loader",
              "options": {
                "presets": [
                  "@babel/preset-env"
                ]
              }
            }
          ]
        }
      ]
    }
  }
]",
    "loader": "js",
    "prodSnapshot": "[
  {
    "module": {
      "rules": [
        {
          "test": {},
          "include": [
            "./__fixtures__/src"
          ],
          "resolve": {
            "extensions": [
              ".js",
              ".jsx",
              ".mjs",
              ".cjs"
            ]
          },
          "use": [
            {
              "loader": "babel-loader",
              "options": {
                "presets": [
                  "@babel/preset-env"
                ]
              }
            }
          ]
        }
      ]
    }
  }
]",
  },
  {
    "devSnapshot": "[
  {
    "module": {
      "rules": [
        {
          "test": {},
          "include": [
            "./__fixtures__/src"
          ],
          "resolve": {
            "extensions": [
              ".ts",
              ".tsx",
              ".mts",
              ".cts",
              ".js",
              ".jsx",
              ".mjs",
              ".cjs"
            ]
          },
          "use": [
            {
              "loader": "ts-loader"
            }
          ]
        }
      ]
    }
  }
]",
    "loader": "ts",
    "prodSnapshot": "[
  {
    "module": {
      "rules": [
        {
          "test": {},
          "include": [
            "./__fixtures__/src"
          ],
          "resolve": {
            "extensions": [
              ".ts",
              ".tsx",
              ".mts",
              ".cts",
              ".js",
              ".jsx",
              ".mjs",
              ".cjs"
            ]
          },
          "use": [
            {
              "loader": "ts-loader"
            }
          ]
        }
      ]
    }
  }
]",
  },
  {
    "devSnapshot": "[
  {
    "module": {
      "rules": []
    }
  }
]",
    "loader": "none",
    "prodSnapshot": "[
  {
    "module": {
      "rules": []
    }
  }
]",
  },
]
`;

exports[`webpackConfigs should return a production configuration object: production prod hashes, code snapshots 1`] = `
[
  {
    "devSnapshot": undefined,
    "loader": "js",
    "prodSnapshot": "[
  {
    "mode": "production",
    "output": {
      "chunkFilename": "[name].[contenthash:8].chunk.js",
      "filename": "[name].[contenthash:8].js"
    },
    "optimization": {
      "minimize": true,
      "minimizer": [
        {
          "options": {
            "test": {},
            "extractComments": true,
            "parallel": true,
            "minimizer": {
              "options": {}
            }
          }
        },
        {
          "options": {
            "test": {},
            "parallel": true,
            "minimizer": {
              "options": {
                "preset": [
                  "default",
                  {
                    "mergeLonghand": false
                  }
                ]
              }
            }
          }
        }
      ],
      "runtimeChunk": "single",
      "splitChunks": {
        "chunks": "all",
        "cacheGroups": {
          "vendor": {
            "chunks": "all",
            "name": "vendor",
            "test": {}
          }
        }
      }
    },
    "plugins": [
      {
        "config": {
          "path": "./__fixtures__/.env.production.local",
          "prefix": "process.env.",
          "systemvars": true,
          "silent": true
        }
      },
      {
        "config": {
          "path": "./__fixtures__/.env.production",
          "prefix": "process.env.",
          "systemvars": true,
          "silent": true
        }
      },
      {
        "config": {
          "path": "./__fixtures__/.env.local",
          "prefix": "process.env.",
          "systemvars": true,
          "silent": true
        }
      },
      {
        "config": {
          "path": "./__fixtures__/.env",
          "prefix": "process.env.",
          "systemvars": true,
          "silent": true
        }
      },
      {
        "_sortedModulesCache": {},
        "options": {
          "filename": "[name].[contenthash:8].css",
          "ignoreOrder": false,
          "runtime": true,
          "chunkFilename": "[name].[contenthash:8].chunk.css"
        },
        "runtimeOptions": {
          "linkType": "text/css"
        }
      }
    ]
  }
]",
  },
  {
    "devSnapshot": undefined,
    "loader": "ts",
    "prodSnapshot": "[
  {
    "mode": "production",
    "output": {
      "chunkFilename": "[name].[contenthash:8].chunk.js",
      "filename": "[name].[contenthash:8].js"
    },
    "optimization": {
      "minimize": true,
      "minimizer": [
        {
          "options": {
            "test": {},
            "extractComments": true,
            "parallel": true,
            "minimizer": {
              "options": {}
            }
          }
        },
        {
          "options": {
            "test": {},
            "parallel": true,
            "minimizer": {
              "options": {
                "preset": [
                  "default",
                  {
                    "mergeLonghand": false
                  }
                ]
              }
            }
          }
        }
      ],
      "runtimeChunk": "single",
      "splitChunks": {
        "chunks": "all",
        "cacheGroups": {
          "vendor": {
            "chunks": "all",
            "name": "vendor",
            "test": {}
          }
        }
      }
    },
    "plugins": [
      {
        "config": {
          "path": "./__fixtures__/.env.production.local",
          "prefix": "process.env.",
          "systemvars": true,
          "silent": true
        }
      },
      {
        "config": {
          "path": "./__fixtures__/.env.production",
          "prefix": "process.env.",
          "systemvars": true,
          "silent": true
        }
      },
      {
        "config": {
          "path": "./__fixtures__/.env.local",
          "prefix": "process.env.",
          "systemvars": true,
          "silent": true
        }
      },
      {
        "config": {
          "path": "./__fixtures__/.env",
          "prefix": "process.env.",
          "systemvars": true,
          "silent": true
        }
      },
      {
        "_sortedModulesCache": {},
        "options": {
          "filename": "[name].[contenthash:8].css",
          "ignoreOrder": false,
          "runtime": true,
          "chunkFilename": "[name].[contenthash:8].chunk.css"
        },
        "runtimeOptions": {
          "linkType": "text/css"
        }
      }
    ]
  }
]",
  },
  {
    "devSnapshot": undefined,
    "loader": "none",
    "prodSnapshot": "[
  {
    "mode": "production",
    "output": {
      "chunkFilename": "[name].[contenthash:8].chunk.js",
      "filename": "[name].[contenthash:8].js"
    },
    "optimization": {
      "minimize": true,
      "minimizer": [
        {
          "options": {
            "test": {},
            "extractComments": true,
            "parallel": true,
            "minimizer": {
              "options": {}
            }
          }
        },
        {
          "options": {
            "test": {},
            "parallel": true,
            "minimizer": {
              "options": {
                "preset": [
                  "default",
                  {
                    "mergeLonghand": false
                  }
                ]
              }
            }
          }
        }
      ],
      "runtimeChunk": "single",
      "splitChunks": {
        "chunks": "all",
        "cacheGroups": {
          "vendor": {
            "chunks": "all",
            "name": "vendor",
            "test": {}
          }
        }
      }
    },
    "plugins": [
      {
        "config": {
          "path": "./__fixtures__/.env.production.local",
          "prefix": "process.env.",
          "systemvars": true,
          "silent": true
        }
      },
      {
        "config": {
          "path": "./__fixtures__/.env.production",
          "prefix": "process.env.",
          "systemvars": true,
          "silent": true
        }
      },
      {
        "config": {
          "path": "./__fixtures__/.env.local",
          "prefix": "process.env.",
          "systemvars": true,
          "silent": true
        }
      },
      {
        "config": {
          "path": "./__fixtures__/.env",
          "prefix": "process.env.",
          "systemvars": true,
          "silent": true
        }
      },
      {
        "_sortedModulesCache": {},
        "options": {
          "filename": "[name].[contenthash:8].css",
          "ignoreOrder": false,
          "runtime": true,
          "chunkFilename": "[name].[contenthash:8].chunk.css"
        },
        "runtimeOptions": {
          "linkType": "text/css"
        }
      }
    ]
  }
]",
  },
]
`;

exports[`webpackConfigs should return specific properties: specific properties 1`] = `
{
  "common": [Function],
  "development": [Function],
  "preprocessLoader": [Function],
  "preprocessLoaderJs": [Function],
  "preprocessLoaderNone": [Function],
  "preprocessLoaderTs": [Function],
  "production": [Function],
}
`;
